space=full structures=9,529,008 time=467.0s
max n_books_parsed overall     = 70/70
max n_books_parsed in (1.5, 1.7)  = 60/70 (n=841,879 structures in band)

per mean-codeword-length bin: (bin, n_structures, max parsed, best S1)
  L~1.01  n=           1  max= 70  S1=0123456789 |cb|=  10 V=  10   bestV[20-40]=-
  L~1.07  n=         398  max= 66  S1=012456789  |cb|=  19 V=  19   bestV[20-40]=66(V=20)
  L~1.09  n=       1,149  max= 66  S1=012456789  |cb|=  37 V=  31   bestV[20-40]=66(V=31)
  L~1.11  n=       1,602  max= 68  S1=012345789  |cb|=  19 V=  19   bestV[20-40]=68(V=24)
  L~1.13  n=       7,799  max= 67  S1=012345789  |cb|=  28 V=  23   bestV[20-40]=67(V=23)
  L~1.15  n=      40,210  max= 67  S1=012345789  |cb|=  37 V=  30   bestV[20-40]=67(V=30)
  L~1.17  n=     110,042  max= 65  S1=012345789  |cb|=  37 V=  36   bestV[20-40]=65(V=36)
  L~1.19  n=     312,533  max= 65  S1=012356789  |cb|=  46 V=  38   bestV[20-40]=65(V=38)
  L~1.21  n=     361,470  max= 65  S1=012356789  |cb|=  64 V=  43   bestV[20-40]=65(V=38)
  L~1.23  n=     392,143  max= 65  S1=012356789  |cb|=  82 V=  49   bestV[20-40]=65(V=32)
  L~1.25  n=     538,443  max= 65  S1=01234579   |cb|=  28 V=  40   bestV[20-40]=65(V=40)
  L~1.27  n=     655,394  max= 64  S1=01234579   |cb|= 190 V=  40   bestV[20-40]=64(V=40)
  L~1.29  n=     735,091  max= 64  S1=01234579   |cb|=  37 V=  49   bestV[20-40]=62(V=40)
  L~1.31  n=     764,891  max= 64  S1=01235789   |cb|=  73 V=  52   bestV[20-40]=61(V=40)
  L~1.33  n=     703,149  max= 63  S1=01235789   |cb|=  73 V=  52   bestV[20-40]=60(V=38)
  L~1.35  n=     734,314  max= 62  S1=0123479    |cb|=  37 V=  37   bestV[20-40]=62(V=37)
  L~1.37  n=     710,746  max= 62  S1=0123479    |cb|=  46 V=  40   bestV[20-40]=62(V=40)
  L~1.39  n=     652,425  max= 62  S1=0123479    |cb|=  46 V=  45   bestV[20-40]=55(V=37)
  L~1.41  n=     544,852  max= 62  S1=0123479    |cb|=  55 V=  48   bestV[20-40]=56(V=40)
  L~1.43  n=     463,769  max= 62  S1=0123479    |cb|=  73 V=  56   bestV[20-40]=54(V=40)
  L~1.45  n=     389,032  max= 61  S1=0123479    |cb|=  64 V=  57   bestV[20-40]=47(V=40)
  L~1.47  n=     304,929  max= 61  S1=0123479    |cb|=  73 V=  65   bestV[20-40]=-
  L~1.49  n=     241,342  max= 60  S1=0123479    |cb|=  64 V=  63   bestV[20-40]=-
  L~1.51  n=     173,108  max= 59  S1=012349     |cb|=  73 V=  68   bestV[20-40]=-
  L~1.53  n=     127,710  max= 60  S1=012349     |cb|=  64 V=  69   bestV[20-40]=-
  L~1.55  n=     115,699  max= 58  S1=01349      |cb|=  73 V=  69   bestV[20-40]=-
  L~1.57  n=      87,547  max= 57  S1=01349      |cb|=  73 V=  71   bestV[20-40]=-
  L~1.59  n=      70,181  max= 55  S1=023589     |cb|=  73 V=  64   bestV[20-40]=-
  L~1.61  n=      69,958  max= 55  S1=0134       |cb|=  73 V=  70   bestV[20-40]=-
  L~1.63  n=      60,885  max= 56  S1=0134       |cb|=  73 V=  75   bestV[20-40]=-
  L~1.65  n=      48,316  max= 56  S1=0134       |cb|=  82 V=  75   bestV[20-40]=-
  L~1.67  n=      41,862  max= 53  S1=0134       |cb|=  82 V=  75   bestV[20-40]=-
  L~1.69  n=      28,473  max= 52  S1=0234       |cb|=  73 V=  68   bestV[20-40]=-
  L~1.71  n=      18,140  max= 53  S1=0234       |cb|=  82 V=  73   bestV[20-40]=-
  L~1.73  n=      10,878  max= 53  S1=0234       |cb|=  82 V=  74   bestV[20-40]=-
  L~1.75  n=       4,590  max= 49  S1=0347       |cb|=  82 V=  78   bestV[20-40]=-
  L~1.77  n=       1,591  max= 48  S1=034        |cb|=  82 V=  77   bestV[20-40]=-
  L~1.79  n=         953  max= 47  S1=039        |cb|=  82 V=  78   bestV[20-40]=-
  L~1.81  n=         852  max= 45  S1=039        |cb|=  82 V=  80   bestV[20-40]=-
  L~1.83  n=         854  max= 44  S1=039        |cb|=  82 V=  82   bestV[20-40]=-
  L~1.85  n=         552  max= 43  S1=04         |cb|=  91 V=  85   bestV[20-40]=-
  L~1.87  n=         260  max= 42  S1=03         |cb|=  91 V=  85   bestV[20-40]=-
  L~1.89  n=         198  max= 42  S1=03         |cb|=  91 V=  88   bestV[20-40]=-
  L~1.91  n=         328  max= 44  S1=9          |cb|= 100 V=  92   bestV[20-40]=-
  L~1.93  n=         241  max= 46  S1=9          |cb|= 100 V=  92   bestV[20-40]=-
  L~1.95  n=          93  max= 40  S1=9          |cb|= 100 V=  97   bestV[20-40]=-
  L~1.97  n=          14  max= 40  S1=3          |cb|= 100 V=  93   bestV[20-40]=-
  L~1.99  n=           1  max= 36  S1=3          |cb|= 100 V=  98   bestV[20-40]=-
